// Jest Snapshot v1, https://goo.gl/fbAQLP

exports[`Testing Mission Testing Mission component snapshot 1`] = `
<div
  className="details-section"
>
  <div
    className="details-image"
  >
    <img
      alt="city"
      className="details-img"
    />
  </div>
  <div
    className="details-section-details"
  >
    <div
      className="detail-line"
    >
      <h5
        className="details-city-name"
      />
    </div>
    <div
      className="detail-line"
    >
      <span
        className="details-span span1"
      />
      <span
        className="details-span span2"
      >
        <img
          alt="city-icon"
          className="details-icon"
        />
      </span>
    </div>
    <div
      className="detail-line"
    >
      <p
        className="temp-tag tag1"
      >
         Temperature: 
      </p>
      <p
        className="temp-tag tag2"
      >
         
        <svg
          fill="currentColor"
          height="1em"
          stroke="currentColor"
          strokeWidth="0"
          style={
            Object {
              "color": undefined,
            }
          }
          viewBox="0 0 24 24"
          width="1em"
          xmlns="http://www.w3.org/2000/svg"
        >
          <g>
            <path
              d="M0 0h24v24H0z"
              fill="none"
            />
            <path
              d="M12 12h7v2h-7v7h-2V8a4 4 0 0 1 4-4h7v2h-7a2 2 0 0 0-2 2v4zm-7.5-2a3.5 3.5 0 1 1 0-7 3.5 3.5 0 0 1 0 7zm0-2a1.5 1.5 0 1 0 0-3 1.5 1.5 0 0 0 0 3z"
            />
          </g>
        </svg>
      </p>
    </div>
    <div
      className="detail-line"
    >
      <p
        className="temp-tag tag1"
      >
         Temperature feeling:
      </p>
      <p
        className="temp-tag tag2"
      >
         
        <svg
          fill="currentColor"
          height="1em"
          stroke="currentColor"
          strokeWidth="0"
          style={
            Object {
              "color": undefined,
            }
          }
          viewBox="0 0 24 24"
          width="1em"
          xmlns="http://www.w3.org/2000/svg"
        >
          <g>
            <path
              d="M0 0h24v24H0z"
              fill="none"
            />
            <path
              d="M12 12h7v2h-7v7h-2V8a4 4 0 0 1 4-4h7v2h-7a2 2 0 0 0-2 2v4zm-7.5-2a3.5 3.5 0 1 1 0-7 3.5 3.5 0 0 1 0 7zm0-2a1.5 1.5 0 1 0 0-3 1.5 1.5 0 0 0 0 3z"
            />
          </g>
        </svg>
      </p>
    </div>
    <div
      className="detail-line"
    >
      <p
        className="temp-tag tag1"
      >
         Pressure:
      </p>
      <p
        className="temp-tag tag2"
      />
    </div>
    <div
      className="detail-line"
    >
      <p
        className="temp-tag tag1"
      >
         Air Humidity:
      </p>
      <p
        className="temp-tag tag2"
      >
         
      </p>
    </div>
    <div
      className="detail-line"
    >
      <p
        className="temp-tag tag1"
      >
         Visibility: 
      </p>
      <p
        className="temp-tag tag2"
      >
         
        Km
      </p>
    </div>
  </div>
</div>
`;
